[brand]|[/] [active]picker.go[/]
  internal/surfaces/beamtui/comp/picker/picker.go  [muted]internal/surfaces/beamtui/...[/]
  internal/surfaces/beamtui/comp/fileaddr/fileaddr.go  [muted]internal/surfaces/beam...[/]
  internal/surfaces/beamtui/frame/frame.go  [muted]internal/surfaces/beamtui/frame[/]
  internal/services/vfs/vfs.go  [muted]internal/services/vfs[/]
  docs/development/blueprints/beam-tui.md  [muted]docs/development/blueprints[/]
  cmd/beam/main.go  [muted]cmd/beam[/]
  README.md
