[hitl]* approval required[/]
[muted]tool  [/]goja.goja_eval
[muted]may call  local_fs.read_file - local_shell.exec[/]
[muted]  code =[/]
[code]    const notes = host.tool("local_fs.read_file", { path: "CHANGELOG.md" });[/]
[code]    if (!notes) {[/]
[code]            throw new Error("CHANGELOG.md is empty");[/]
[code]    }[/]
[code]    return { lines: notes.split("\n").length };[/]
[muted]  timeout_ms = [/]2000
[muted]policy guarded - rule rules[2].goja[/]
[pending]⠋[/] [strong]y[/][muted] allow - [/][strong]n[/][muted] deny - Esc cancels turn[/]
