[brand]|[/] [active]/compact[/][muted]  Compact the session history[/]
  /doctor[muted]  Report runtime health[/]
  /help[muted]  Show beam's keys and commands[/]
  /mission[muted]  Dispatch a detached mission[/]
  /model[muted]  Switch the session model[/]
  /policy[muted]  Select the HITL policy preset[/]
  /quit[muted]  Leave beam[/]
