── scrollback ──
[brand]▌[/]      [brand-ramp1]▄▄███[/]
[brand]▌[/]   [brand-ramp2]▄▄[/] [brand-ramp1]▀▀▀▀▀[/]
[brand]▌[/]  [brand-ramp2]▄██[/]        [strong]contenox[/][muted] — open coding harness[/]
[brand]▌[/]  [brand-ramp2]███[/] [brand-ramp3]▄▄▄▄▄[/]
[brand]▌[/]      [brand-ramp3]▀▀███[/]
[brand]▌[/]
[brand]▌[/]  [muted]model qwen3:8b · ollama   session beam-0001[/]
[brand]▌[/]  /[muted] commands[/][muted]   [/]@[muted] files[/][muted]   [/]![muted] shell[/][muted]   [/]Ctrl+X Ctrl+E[muted] editor[/][muted]   [/]?[muted] keys[/]

── live (cursor 0,2) ──
[brand]▌ [/]
[brand]▌[/] [muted]contenox[/]  [muted]beam-0001[/]  [muted]qwen3:8b · ollama[/]                                        
